         ID STATUS        SUMMARY                                        UPDATED       │ #4 Issue number 4 summary
▸ 🔻      4 assigned      Issue number 4 summary                         2026-09-05    │
  🔵      3 assigned      Issue number 3 summary                         2026-09-04 👁️ │ Project         Soprano
  🔺      2 assigned      Issue number 2 summary                         2026-09-03    │ Category        General
  ⚠️      1 assigned      Issue number 1 summary                         2026-09-02    │ Status          assigned
                                                                                       │ Priority        low
                                                                                       │ Severity        minor
                                                                                       │ Updated         2026-09-05 12:00
                                                                                       │
                                                                                       │ Description
                                                                                       │ Body of issue 4
                                                                                       │
                                                                                       │ Notes (0)
                                                                                       │
                                                                                       │ No notes. N adds one.
                                                                                       │
                                                                                       │
                                                                                       │
                                                                                       │
                                                                                       │
                                                                                       │
                                                                                       │
                                                                                       │
                                                                                       │
                                                                                       │
                                                                                       │
                                                                                       │
                                                                                       │
                                                                                       │
                                                                                       │
                                                                                       │
                                                                                       │
                                                                                       │
                                                                                       │
                                                                                       │
                                                                                       │
                                                                                       │
                                                                                       │
                                                                                       │
 alpha  all · page 1 · 4 issues
