          ID SEVERITY  STATUS        CATEGORY     SUMMARY                                                 UPDATED
▸  🔵      3 minor     assigned      General      Issue number 3 summary                                  2026-09-04 👁️
   🔺      2 minor     assigned      General      Issue number 2 summary                                  2026-09-03
   ⚠️      1 minor     assigned      General      Issue number 1 summary                                  2026-09-02





                              ╭──────────────────────────────────────────────────────────╮
                              │ : st▏                                                    │
                              │ Change status                                          s │
                              │ Switch host                                            H │
                              │ Change severity                                        v │
                              │ First issue                                      gg/home │
                              │ Last issue                                         G/end │
                              │ Clear search, then selection                         esc │
                              │ Toggle selection                                   space │
                              │ Select page                                       ctrl+a │
                              │ Host: beta                                               │
                              │ enter run · type a number to open an issue · esc close   │
                              ╰──────────────────────────────────────────────────────────╯

















 alpha  all · page 1 · 3 issues
